[     692ms] [INFO] %cDownload the React DevTools for a better development experience: https://react.dev/link/react-devtools font-weight:bold @ http://localhost:3000/_next/static/chunks/node_modules_next_dist_1e8vcs8._.js:776
[     816ms] [LOG] [HMR] connected @ http://localhost:3000/_next/static/chunks/node_modules_next_dist_1e8vcs8._.js:776
[     983ms] [LOG] [Fast Refresh] rebuilding @ http://localhost:3000/_next/static/chunks/node_modules_next_dist_1e8vcs8._.js:776
[    1315ms] [LOG] [Fast Refresh] done in 441ms @ http://localhost:3000/_next/static/chunks/node_modules_next_dist_1e8vcs8._.js:776
[    1398ms] [WARNING] THREE.Clock: This module has been deprecated. Please use THREE.Timer instead. @ http://localhost:3000/_next/static/chunks/node_modules_next_dist_1e8vcs8._.js:776
[    1454ms] [WARNING] THREE.Clock: This module has been deprecated. Please use THREE.Timer instead. @ http://localhost:3000/_next/static/chunks/node_modules_next_dist_1e8vcs8._.js:776
[   62577ms] [LOG] [Fast Refresh] rebuilding @ http://localhost:3000/_next/static/chunks/node_modules_next_dist_1e8vcs8._.js:776
[   64034ms] [LOG] [Fast Refresh] done in 1325ms @ http://localhost:3000/_next/static/chunks/node_modules_next_dist_1e8vcs8._.js:776
[   64095ms] [LOG] [Fast Refresh] done in 1325ms @ http://localhost:3000/_next/static/chunks/node_modules_next_dist_1e8vcs8._.js:776
[   64158ms] [LOG] [Fast Refresh] done in 1325ms @ http://localhost:3000/_next/static/chunks/node_modules_next_dist_1e8vcs8._.js:776
[   64221ms] [LOG] [Fast Refresh] done in 1325ms @ http://localhost:3000/_next/static/chunks/node_modules_next_dist_1e8vcs8._.js:776
[   64285ms] [LOG] [Fast Refresh] done in 1325ms @ http://localhost:3000/_next/static/chunks/node_modules_next_dist_1e8vcs8._.js:776
[   64378ms] [LOG] [Fast Refresh] done in 1325ms @ http://localhost:3000/_next/static/chunks/node_modules_next_dist_1e8vcs8._.js:776
[   64442ms] [LOG] [Fast Refresh] done in 1325ms @ http://localhost:3000/_next/static/chunks/node_modules_next_dist_1e8vcs8._.js:776
[   64525ms] [LOG] [Fast Refresh] done in 1325ms @ http://localhost:3000/_next/static/chunks/node_modules_next_dist_1e8vcs8._.js:776
[   64594ms] [LOG] [Fast Refresh] done in 1325ms @ http://localhost:3000/_next/static/chunks/node_modules_next_dist_1e8vcs8._.js:776
[   64660ms] [LOG] [Fast Refresh] done in 1325ms @ http://localhost:3000/_next/static/chunks/node_modules_next_dist_1e8vcs8._.js:776
[   64739ms] [LOG] [Fast Refresh] done in 1325ms @ http://localhost:3000/_next/static/chunks/node_modules_next_dist_1e8vcs8._.js:776
[   64816ms] [LOG] [Fast Refresh] done in 1325ms @ http://localhost:3000/_next/static/chunks/node_modules_next_dist_1e8vcs8._.js:776
[   64890ms] [LOG] [Fast Refresh] done in 1325ms @ http://localhost:3000/_next/static/chunks/node_modules_next_dist_1e8vcs8._.js:776
[   64954ms] [LOG] [Fast Refresh] done in 1325ms @ http://localhost:3000/_next/static/chunks/node_modules_next_dist_1e8vcs8._.js:776
[   65012ms] [LOG] THREE.WebGLRenderer: Context Lost. @ http://localhost:3000/_next/static/chunks/node_modules_next_dist_1e8vcs8._.js:776
[   65014ms] [LOG] [Fast Refresh] done in 1325ms @ http://localhost:3000/_next/static/chunks/node_modules_next_dist_1e8vcs8._.js:776
[   65076ms] [LOG] [Fast Refresh] done in 1325ms @ http://localhost:3000/_next/static/chunks/node_modules_next_dist_1e8vcs8._.js:776
[   65137ms] [LOG] [Fast Refresh] done in 1325ms @ http://localhost:3000/_next/static/chunks/node_modules_next_dist_1e8vcs8._.js:776
[   65202ms] [LOG] [Fast Refresh] done in 1325ms @ http://localhost:3000/_next/static/chunks/node_modules_next_dist_1e8vcs8._.js:776
[   65266ms] [LOG] [Fast Refresh] done in 1325ms @ http://localhost:3000/_next/static/chunks/node_modules_next_dist_1e8vcs8._.js:776
[   65326ms] [LOG] [Fast Refresh] done in 1325ms @ http://localhost:3000/_next/static/chunks/node_modules_next_dist_1e8vcs8._.js:776
[   65390ms] [LOG] [Fast Refresh] done in 1325ms @ http://localhost:3000/_next/static/chunks/node_modules_next_dist_1e8vcs8._.js:776
[   65451ms] [LOG] [Fast Refresh] done in 1325ms @ http://localhost:3000/_next/static/chunks/node_modules_next_dist_1e8vcs8._.js:776
[   65513ms] [LOG] [Fast Refresh] done in 1325ms @ http://localhost:3000/_next/static/chunks/node_modules_next_dist_1e8vcs8._.js:776
[   65575ms] [LOG] [Fast Refresh] done in 1325ms @ http://localhost:3000/_next/static/chunks/node_modules_next_dist_1e8vcs8._.js:776
[   65636ms] [LOG] [Fast Refresh] done in 1325ms @ http://localhost:3000/_next/static/chunks/node_modules_next_dist_1e8vcs8._.js:776
[   65698ms] [LOG] [Fast Refresh] done in 1325ms @ http://localhost:3000/_next/static/chunks/node_modules_next_dist_1e8vcs8._.js:776
[   65761ms] [LOG] [Fast Refresh] done in 1325ms @ http://localhost:3000/_next/static/chunks/node_modules_next_dist_1e8vcs8._.js:776
[   65825ms] [LOG] [Fast Refresh] done in 1325ms @ http://localhost:3000/_next/static/chunks/node_modules_next_dist_1e8vcs8._.js:776
[   65887ms] [LOG] [Fast Refresh] done in 1325ms @ http://localhost:3000/_next/static/chunks/node_modules_next_dist_1e8vcs8._.js:776
[   65949ms] [LOG] [Fast Refresh] done in 1325ms @ http://localhost:3000/_next/static/chunks/node_modules_next_dist_1e8vcs8._.js:776
[   66012ms] [LOG] [Fast Refresh] done in 1325ms @ http://localhost:3000/_next/static/chunks/node_modules_next_dist_1e8vcs8._.js:776
[   66074ms] [LOG] [Fast Refresh] done in 1325ms @ http://localhost:3000/_next/static/chunks/node_modules_next_dist_1e8vcs8._.js:776
[   66137ms] [LOG] [Fast Refresh] done in 1325ms @ http://localhost:3000/_next/static/chunks/node_modules_next_dist_1e8vcs8._.js:776
[   66200ms] [LOG] [Fast Refresh] done in 1325ms @ http://localhost:3000/_next/static/chunks/node_modules_next_dist_1e8vcs8._.js:776
[   66263ms] [LOG] [Fast Refresh] done in 1325ms @ http://localhost:3000/_next/static/chunks/node_modules_next_dist_1e8vcs8._.js:776
[   66325ms] [LOG] [Fast Refresh] done in 1325ms @ http://localhost:3000/_next/static/chunks/node_modules_next_dist_1e8vcs8._.js:776
[   66388ms] [LOG] [Fast Refresh] done in 1325ms @ http://localhost:3000/_next/static/chunks/node_modules_next_dist_1e8vcs8._.js:776
[   66451ms] [LOG] [Fast Refresh] done in 1325ms @ http://localhost:3000/_next/static/chunks/node_modules_next_dist_1e8vcs8._.js:776
[   66525ms] [LOG] [Fast Refresh] done in 1325ms @ http://localhost:3000/_next/static/chunks/node_modules_next_dist_1e8vcs8._.js:776
[   66589ms] [LOG] [Fast Refresh] done in 1325ms @ http://localhost:3000/_next/static/chunks/node_modules_next_dist_1e8vcs8._.js:776
[   66651ms] [LOG] [Fast Refresh] done in 1325ms @ http://localhost:3000/_next/static/chunks/node_modules_next_dist_1e8vcs8._.js:776
[   66714ms] [LOG] [Fast Refresh] done in 1325ms @ http://localhost:3000/_next/static/chunks/node_modules_next_dist_1e8vcs8._.js:776
[   66774ms] [LOG] [Fast Refresh] done in 1325ms @ http://localhost:3000/_next/static/chunks/node_modules_next_dist_1e8vcs8._.js:776
[   66835ms] [LOG] [Fast Refresh] done in 1325ms @ http://localhost:3000/_next/static/chunks/node_modules_next_dist_1e8vcs8._.js:776
[   66902ms] [LOG] [Fast Refresh] done in 1325ms @ http://localhost:3000/_next/static/chunks/node_modules_next_dist_1e8vcs8._.js:776
[   66962ms] [LOG] [Fast Refresh] done in 1325ms @ http://localhost:3000/_next/static/chunks/node_modules_next_dist_1e8vcs8._.js:776
[   67026ms] [LOG] [Fast Refresh] done in 1325ms @ http://localhost:3000/_next/static/chunks/node_modules_next_dist_1e8vcs8._.js:776
[   67087ms] [LOG] [Fast Refresh] done in 1325ms @ http://localhost:3000/_next/static/chunks/node_modules_next_dist_1e8vcs8._.js:776
[   67148ms] [LOG] [Fast Refresh] done in 1325ms @ http://localhost:3000/_next/static/chunks/node_modules_next_dist_1e8vcs8._.js:776
[   67226ms] [LOG] [Fast Refresh] done in 1325ms @ http://localhost:3000/_next/static/chunks/node_modules_next_dist_1e8vcs8._.js:776
[   67303ms] [LOG] [Fast Refresh] done in 1325ms @ http://localhost:3000/_next/static/chunks/node_modules_next_dist_1e8vcs8._.js:776
[   67366ms] [LOG] [Fast Refresh] done in 1325ms @ http://localhost:3000/_next/static/chunks/node_modules_next_dist_1e8vcs8._.js:776
[   67427ms] [LOG] [Fast Refresh] done in 1325ms @ http://localhost:3000/_next/static/chunks/node_modules_next_dist_1e8vcs8._.js:776
[   67489ms] [LOG] [Fast Refresh] done in 1325ms @ http://localhost:3000/_next/static/chunks/node_modules_next_dist_1e8vcs8._.js:776
[   67554ms] [LOG] [Fast Refresh] done in 1325ms @ http://localhost:3000/_next/static/chunks/node_modules_next_dist_1e8vcs8._.js:776
[   67630ms] [LOG] [Fast Refresh] done in 1325ms @ http://localhost:3000/_next/static/chunks/node_modules_next_dist_1e8vcs8._.js:776
[   67692ms] [LOG] [Fast Refresh] done in 1325ms @ http://localhost:3000/_next/static/chunks/node_modules_next_dist_1e8vcs8._.js:776
[   67753ms] [LOG] [Fast Refresh] done in 1325ms @ http://localhost:3000/_next/static/chunks/node_modules_next_dist_1e8vcs8._.js:776
[   67820ms] [LOG] [Fast Refresh] done in 1325ms @ http://localhost:3000/_next/static/chunks/node_modules_next_dist_1e8vcs8._.js:776
[   67878ms] [LOG] [Fast Refresh] done in 1325ms @ http://localhost:3000/_next/static/chunks/node_modules_next_dist_1e8vcs8._.js:776
[   67942ms] [LOG] [Fast Refresh] done in 1325ms @ http://localhost:3000/_next/static/chunks/node_modules_next_dist_1e8vcs8._.js:776
[   68002ms] [LOG] [Fast Refresh] done in 1325ms @ http://localhost:3000/_next/static/chunks/node_modules_next_dist_1e8vcs8._.js:776
[   68063ms] [LOG] [Fast Refresh] done in 1325ms @ http://localhost:3000/_next/static/chunks/node_modules_next_dist_1e8vcs8._.js:776
[   68124ms] [LOG] [Fast Refresh] done in 1325ms @ http://localhost:3000/_next/static/chunks/node_modules_next_dist_1e8vcs8._.js:776
[   68186ms] [LOG] [Fast Refresh] done in 1325ms @ http://localhost:3000/_next/static/chunks/node_modules_next_dist_1e8vcs8._.js:776
[   68246ms] [LOG] [Fast Refresh] done in 1325ms @ http://localhost:3000/_next/static/chunks/node_modules_next_dist_1e8vcs8._.js:776
[   68306ms] [LOG] [Fast Refresh] done in 1325ms @ http://localhost:3000/_next/static/chunks/node_modules_next_dist_1e8vcs8._.js:776
[   68368ms] [LOG] [Fast Refresh] done in 1325ms @ http://localhost:3000/_next/static/chunks/node_modules_next_dist_1e8vcs8._.js:776
[   68430ms] [LOG] [Fast Refresh] done in 1325ms @ http://localhost:3000/_next/static/chunks/node_modules_next_dist_1e8vcs8._.js:776
[   68491ms] [LOG] [Fast Refresh] done in 1325ms @ http://localhost:3000/_next/static/chunks/node_modules_next_dist_1e8vcs8._.js:776
[   68552ms] [LOG] [Fast Refresh] done in 1325ms @ http://localhost:3000/_next/static/chunks/node_modules_next_dist_1e8vcs8._.js:776
[   68612ms] [LOG] [Fast Refresh] done in 1325ms @ http://localhost:3000/_next/static/chunks/node_modules_next_dist_1e8vcs8._.js:776
[   68672ms] [LOG] [Fast Refresh] done in 1325ms @ http://localhost:3000/_next/static/chunks/node_modules_next_dist_1e8vcs8._.js:776
[   68734ms] [LOG] [Fast Refresh] done in 1325ms @ http://localhost:3000/_next/static/chunks/node_modules_next_dist_1e8vcs8._.js:776
[   68796ms] [LOG] [Fast Refresh] done in 1325ms @ http://localhost:3000/_next/static/chunks/node_modules_next_dist_1e8vcs8._.js:776
[   68858ms] [LOG] [Fast Refresh] done in 1325ms @ http://localhost:3000/_next/static/chunks/node_modules_next_dist_1e8vcs8._.js:776
[   68919ms] [LOG] [Fast Refresh] done in 1325ms @ http://localhost:3000/_next/static/chunks/node_modules_next_dist_1e8vcs8._.js:776
[   68981ms] [LOG] [Fast Refresh] done in 1325ms @ http://localhost:3000/_next/static/chunks/node_modules_next_dist_1e8vcs8._.js:776
[   69041ms] [LOG] [Fast Refresh] done in 1325ms @ http://localhost:3000/_next/static/chunks/node_modules_next_dist_1e8vcs8._.js:776
[   69103ms] [LOG] [Fast Refresh] done in 1325ms @ http://localhost:3000/_next/static/chunks/node_modules_next_dist_1e8vcs8._.js:776
[   69163ms] [LOG] [Fast Refresh] done in 1325ms @ http://localhost:3000/_next/static/chunks/node_modules_next_dist_1e8vcs8._.js:776
[   69225ms] [LOG] [Fast Refresh] done in 1325ms @ http://localhost:3000/_next/static/chunks/node_modules_next_dist_1e8vcs8._.js:776
[   69286ms] [LOG] [Fast Refresh] done in 1325ms @ http://localhost:3000/_next/static/chunks/node_modules_next_dist_1e8vcs8._.js:776
[   69348ms] [LOG] [Fast Refresh] done in 1325ms @ http://localhost:3000/_next/static/chunks/node_modules_next_dist_1e8vcs8._.js:776
[   69425ms] [LOG] [Fast Refresh] done in 1325ms @ http://localhost:3000/_next/static/chunks/node_modules_next_dist_1e8vcs8._.js:776
[   69493ms] [LOG] [Fast Refresh] done in 1325ms @ http://localhost:3000/_next/static/chunks/node_modules_next_dist_1e8vcs8._.js:776
[   69566ms] [LOG] [Fast Refresh] done in 1325ms @ http://localhost:3000/_next/static/chunks/node_modules_next_dist_1e8vcs8._.js:776
[   69626ms] [LOG] [Fast Refresh] done in 1325ms @ http://localhost:3000/_next/static/chunks/node_modules_next_dist_1e8vcs8._.js:776
[   69687ms] [LOG] [Fast Refresh] done in 1325ms @ http://localhost:3000/_next/static/chunks/node_modules_next_dist_1e8vcs8._.js:776
[   69750ms] [LOG] [Fast Refresh] done in 1325ms @ http://localhost:3000/_next/static/chunks/node_modules_next_dist_1e8vcs8._.js:776
[   69810ms] [LOG] [Fast Refresh] done in 1325ms @ http://localhost:3000/_next/static/chunks/node_modules_next_dist_1e8vcs8._.js:776
[   69872ms] [LOG] [Fast Refresh] done in 1325ms @ http://localhost:3000/_next/static/chunks/node_modules_next_dist_1e8vcs8._.js:776
[   69933ms] [LOG] [Fast Refresh] done in 1325ms @ http://localhost:3000/_next/static/chunks/node_modules_next_dist_1e8vcs8._.js:776
[   69997ms] [LOG] [Fast Refresh] done in 1325ms @ http://localhost:3000/_next/static/chunks/node_modules_next_dist_1e8vcs8._.js:776
[   70059ms] [LOG] [Fast Refresh] done in 1325ms @ http://localhost:3000/_next/static/chunks/node_modules_next_dist_1e8vcs8._.js:776
[   70119ms] [LOG] [Fast Refresh] done in 1325ms @ http://localhost:3000/_next/static/chunks/node_modules_next_dist_1e8vcs8._.js:776
[   70183ms] [LOG] [Fast Refresh] done in 1325ms @ http://localhost:3000/_next/static/chunks/node_modules_next_dist_1e8vcs8._.js:776
[   70243ms] [LOG] [Fast Refresh] done in 1325ms @ http://localhost:3000/_next/static/chunks/node_modules_next_dist_1e8vcs8._.js:776
[   70307ms] [LOG] [Fast Refresh] done in 1325ms @ http://localhost:3000/_next/static/chunks/node_modules_next_dist_1e8vcs8._.js:776
[   70367ms] [LOG] [Fast Refresh] done in 1325ms @ http://localhost:3000/_next/static/chunks/node_modules_next_dist_1e8vcs8._.js:776
[   70429ms] [LOG] [Fast Refresh] done in 1325ms @ http://localhost:3000/_next/static/chunks/node_modules_next_dist_1e8vcs8._.js:776
[   70492ms] [LOG] [Fast Refresh] done in 1325ms @ http://localhost:3000/_next/static/chunks/node_modules_next_dist_1e8vcs8._.js:776
[   70553ms] [LOG] [Fast Refresh] done in 1325ms @ http://localhost:3000/_next/static/chunks/node_modules_next_dist_1e8vcs8._.js:776
[   70616ms] [LOG] [Fast Refresh] done in 1325ms @ http://localhost:3000/_next/static/chunks/node_modules_next_dist_1e8vcs8._.js:776
[   70679ms] [LOG] [Fast Refresh] done in 1325ms @ http://localhost:3000/_next/static/chunks/node_modules_next_dist_1e8vcs8._.js:776
[   70740ms] [LOG] [Fast Refresh] done in 1325ms @ http://localhost:3000/_next/static/chunks/node_modules_next_dist_1e8vcs8._.js:776
[   70803ms] [LOG] [Fast Refresh] done in 1325ms @ http://localhost:3000/_next/static/chunks/node_modules_next_dist_1e8vcs8._.js:776
[   70866ms] [LOG] [Fast Refresh] done in 1325ms @ http://localhost:3000/_next/static/chunks/node_modules_next_dist_1e8vcs8._.js:776
[   70929ms] [LOG] [Fast Refresh] done in 1325ms @ http://localhost:3000/_next/static/chunks/node_modules_next_dist_1e8vcs8._.js:776
[   70991ms] [LOG] [Fast Refresh] done in 1325ms @ http://localhost:3000/_next/static/chunks/node_modules_next_dist_1e8vcs8._.js:776
[   71054ms] [LOG] [Fast Refresh] done in 1325ms @ http://localhost:3000/_next/static/chunks/node_modules_next_dist_1e8vcs8._.js:776
[   71117ms] [LOG] [Fast Refresh] done in 1325ms @ http://localhost:3000/_next/static/chunks/node_modules_next_dist_1e8vcs8._.js:776
[   71177ms] [LOG] [Fast Refresh] done in 1325ms @ http://localhost:3000/_next/static/chunks/node_modules_next_dist_1e8vcs8._.js:776
[   71238ms] [LOG] [Fast Refresh] done in 1325ms @ http://localhost:3000/_next/static/chunks/node_modules_next_dist_1e8vcs8._.js:776
[   71301ms] [LOG] [Fast Refresh] done in 1325ms @ http://localhost:3000/_next/static/chunks/node_modules_next_dist_1e8vcs8._.js:776
[   71362ms] [LOG] [Fast Refresh] done in 1325ms @ http://localhost:3000/_next/static/chunks/node_modules_next_dist_1e8vcs8._.js:776
[   71426ms] [LOG] [Fast Refresh] done in 1325ms @ http://localhost:3000/_next/static/chunks/node_modules_next_dist_1e8vcs8._.js:776
[   71489ms] [LOG] [Fast Refresh] done in 1325ms @ http://localhost:3000/_next/static/chunks/node_modules_next_dist_1e8vcs8._.js:776
[   71551ms] [LOG] [Fast Refresh] done in 1325ms @ http://localhost:3000/_next/static/chunks/node_modules_next_dist_1e8vcs8._.js:776
[   71613ms] [LOG] [Fast Refresh] done in 1325ms @ http://localhost:3000/_next/static/chunks/node_modules_next_dist_1e8vcs8._.js:776
[   71677ms] [LOG] [Fast Refresh] done in 1325ms @ http://localhost:3000/_next/static/chunks/node_modules_next_dist_1e8vcs8._.js:776
[   71725ms] [LOG] [Fast Refresh] done in 1325ms @ http://localhost:3000/_next/static/chunks/node_modules_next_dist_1e8vcs8._.js:776
[   71787ms] [LOG] [Fast Refresh] done in 1325ms @ http://localhost:3000/_next/static/chunks/node_modules_next_dist_1e8vcs8._.js:776
[   71850ms] [LOG] [Fast Refresh] done in 1325ms @ http://localhost:3000/_next/static/chunks/node_modules_next_dist_1e8vcs8._.js:776
[   71912ms] [LOG] [Fast Refresh] done in 1325ms @ http://localhost:3000/_next/static/chunks/node_modules_next_dist_1e8vcs8._.js:776
[   71978ms] [LOG] [Fast Refresh] done in 1325ms @ http://localhost:3000/_next/static/chunks/node_modules_next_dist_1e8vcs8._.js:776
[   72052ms] [LOG] [Fast Refresh] done in 1325ms @ http://localhost:3000/_next/static/chunks/node_modules_next_dist_1e8vcs8._.js:776
[   72102ms] [LOG] [Fast Refresh] done in 1325ms @ http://localhost:3000/_next/static/chunks/node_modules_next_dist_1e8vcs8._.js:776
[   72179ms] [LOG] [Fast Refresh] done in 1325ms @ http://localhost:3000/_next/static/chunks/node_modules_next_dist_1e8vcs8._.js:776
[   72240ms] [LOG] [Fast Refresh] done in 1325ms @ http://localhost:3000/_next/static/chunks/node_modules_next_dist_1e8vcs8._.js:776
[   72302ms] [LOG] [Fast Refresh] done in 1325ms @ http://localhost:3000/_next/static/chunks/node_modules_next_dist_1e8vcs8._.js:776
[   72365ms] [LOG] [Fast Refresh] done in 1325ms @ http://localhost:3000/_next/static/chunks/node_modules_next_dist_1e8vcs8._.js:776
[   72428ms] [LOG] [Fast Refresh] done in 1325ms @ http://localhost:3000/_next/static/chunks/node_modules_next_dist_1e8vcs8._.js:776
[   72490ms] [LOG] [Fast Refresh] done in 1325ms @ http://localhost:3000/_next/static/chunks/node_modules_next_dist_1e8vcs8._.js:776
[   72550ms] [LOG] [Fast Refresh] done in 1325ms @ http://localhost:3000/_next/static/chunks/node_modules_next_dist_1e8vcs8._.js:776
[   72613ms] [LOG] [Fast Refresh] done in 1325ms @ http://localhost:3000/_next/static/chunks/node_modules_next_dist_1e8vcs8._.js:776
[   72677ms] [LOG] [Fast Refresh] done in 1325ms @ http://localhost:3000/_next/static/chunks/node_modules_next_dist_1e8vcs8._.js:776
[   72735ms] [LOG] [Fast Refresh] done in 1325ms @ http://localhost:3000/_next/static/chunks/node_modules_next_dist_1e8vcs8._.js:776
[   72799ms] [LOG] [Fast Refresh] done in 1325ms @ http://localhost:3000/_next/static/chunks/node_modules_next_dist_1e8vcs8._.js:776
[   72862ms] [LOG] [Fast Refresh] done in 1325ms @ http://localhost:3000/_next/static/chunks/node_modules_next_dist_1e8vcs8._.js:776
[   72931ms] [LOG] [Fast Refresh] done in 1325ms @ http://localhost:3000/_next/static/chunks/node_modules_next_dist_1e8vcs8._.js:776
[   73004ms] [LOG] [Fast Refresh] done in 1325ms @ http://localhost:3000/_next/static/chunks/node_modules_next_dist_1e8vcs8._.js:776
[   73070ms] [LOG] [Fast Refresh] done in 1325ms @ http://localhost:3000/_next/static/chunks/node_modules_next_dist_1e8vcs8._.js:776
[   73143ms] [LOG] [Fast Refresh] done in 1325ms @ http://localhost:3000/_next/static/chunks/node_modules_next_dist_1e8vcs8._.js:776
[   73207ms] [LOG] [Fast Refresh] done in 1325ms @ http://localhost:3000/_next/static/chunks/node_modules_next_dist_1e8vcs8._.js:776
[   73268ms] [LOG] [Fast Refresh] done in 1325ms @ http://localhost:3000/_next/static/chunks/node_modules_next_dist_1e8vcs8._.js:776
[   73331ms] [LOG] [Fast Refresh] done in 1325ms @ http://localhost:3000/_next/static/chunks/node_modules_next_dist_1e8vcs8._.js:776
[   73393ms] [LOG] [Fast Refresh] done in 1325ms @ http://localhost:3000/_next/static/chunks/node_modules_next_dist_1e8vcs8._.js:776
[   73457ms] [LOG] [Fast Refresh] done in 1325ms @ http://localhost:3000/_next/static/chunks/node_modules_next_dist_1e8vcs8._.js:776
[   73519ms] [LOG] [Fast Refresh] done in 1325ms @ http://localhost:3000/_next/static/chunks/node_modules_next_dist_1e8vcs8._.js:776
[   73582ms] [LOG] [Fast Refresh] done in 1325ms @ http://localhost:3000/_next/static/chunks/node_modules_next_dist_1e8vcs8._.js:776
[   73644ms] [LOG] [Fast Refresh] done in 1325ms @ http://localhost:3000/_next/static/chunks/node_modules_next_dist_1e8vcs8._.js:776
[   73706ms] [LOG] [Fast Refresh] done in 1325ms @ http://localhost:3000/_next/static/chunks/node_modules_next_dist_1e8vcs8._.js:776
[   73768ms] [LOG] [Fast Refresh] done in 1325ms @ http://localhost:3000/_next/static/chunks/node_modules_next_dist_1e8vcs8._.js:776
[   73831ms] [LOG] [Fast Refresh] done in 1325ms @ http://localhost:3000/_next/static/chunks/node_modules_next_dist_1e8vcs8._.js:776
[   73893ms] [LOG] [Fast Refresh] done in 1325ms @ http://localhost:3000/_next/static/chunks/node_modules_next_dist_1e8vcs8._.js:776
[   73955ms] [LOG] [Fast Refresh] done in 1325ms @ http://localhost:3000/_next/static/chunks/node_modules_next_dist_1e8vcs8._.js:776
[   74018ms] [LOG] [Fast Refresh] done in 1325ms @ http://localhost:3000/_next/static/chunks/node_modules_next_dist_1e8vcs8._.js:776
[   74077ms] [LOG] [Fast Refresh] done in 1325ms @ http://localhost:3000/_next/static/chunks/node_modules_next_dist_1e8vcs8._.js:776
[   74138ms] [LOG] [Fast Refresh] done in 1325ms @ http://localhost:3000/_next/static/chunks/node_modules_next_dist_1e8vcs8._.js:776
[   74201ms] [LOG] [Fast Refresh] done in 1325ms @ http://localhost:3000/_next/static/chunks/node_modules_next_dist_1e8vcs8._.js:776
[   74263ms] [LOG] [Fast Refresh] done in 1325ms @ http://localhost:3000/_next/static/chunks/node_modules_next_dist_1e8vcs8._.js:776
[   74325ms] [LOG] [Fast Refresh] done in 1325ms @ http://localhost:3000/_next/static/chunks/node_modules_next_dist_1e8vcs8._.js:776
[   74386ms] [LOG] [Fast Refresh] done in 1325ms @ http://localhost:3000/_next/static/chunks/node_modules_next_dist_1e8vcs8._.js:776
[   74449ms] [LOG] [Fast Refresh] done in 1325ms @ http://localhost:3000/_next/static/chunks/node_modules_next_dist_1e8vcs8._.js:776
[   74511ms] [LOG] [Fast Refresh] done in 1325ms @ http://localhost:3000/_next/static/chunks/node_modules_next_dist_1e8vcs8._.js:776
[   74588ms] [LOG] [Fast Refresh] done in 1325ms @ http://localhost:3000/_next/static/chunks/node_modules_next_dist_1e8vcs8._.js:776
[   74650ms] [LOG] [Fast Refresh] done in 1325ms @ http://localhost:3000/_next/static/chunks/node_modules_next_dist_1e8vcs8._.js:776
[   74715ms] [LOG] [Fast Refresh] done in 1325ms @ http://localhost:3000/_next/static/chunks/node_modules_next_dist_1e8vcs8._.js:776
[   74779ms] [LOG] [Fast Refresh] done in 1325ms @ http://localhost:3000/_next/static/chunks/node_modules_next_dist_1e8vcs8._.js:776
[   74841ms] [LOG] [Fast Refresh] done in 1325ms @ http://localhost:3000/_next/static/chunks/node_modules_next_dist_1e8vcs8._.js:776
[   74906ms] [LOG] [Fast Refresh] done in 1325ms @ http://localhost:3000/_next/static/chunks/node_modules_next_dist_1e8vcs8._.js:776
[   74968ms] [LOG] [Fast Refresh] done in 1325ms @ http://localhost:3000/_next/static/chunks/node_modules_next_dist_1e8vcs8._.js:776
[   75045ms] [LOG] [Fast Refresh] done in 1325ms @ http://localhost:3000/_next/static/chunks/node_modules_next_dist_1e8vcs8._.js:776
[   75107ms] [LOG] [Fast Refresh] done in 1325ms @ http://localhost:3000/_next/static/chunks/node_modules_next_dist_1e8vcs8._.js:776
[   75170ms] [LOG] [Fast Refresh] done in 1325ms @ http://localhost:3000/_next/static/chunks/node_modules_next_dist_1e8vcs8._.js:776
[   75232ms] [LOG] [Fast Refresh] done in 1325ms @ http://localhost:3000/_next/static/chunks/node_modules_next_dist_1e8vcs8._.js:776
[   75294ms] [LOG] [Fast Refresh] done in 1325ms @ http://localhost:3000/_next/static/chunks/node_modules_next_dist_1e8vcs8._.js:776
[   75358ms] [LOG] [Fast Refresh] done in 1325ms @ http://localhost:3000/_next/static/chunks/node_modules_next_dist_1e8vcs8._.js:776
[   75414ms] [LOG] [Fast Refresh] done in 1325ms @ http://localhost:3000/_next/static/chunks/node_modules_next_dist_1e8vcs8._.js:776
[   75478ms] [LOG] [Fast Refresh] done in 1325ms @ http://localhost:3000/_next/static/chunks/node_modules_next_dist_1e8vcs8._.js:776
[   75539ms] [LOG] [Fast Refresh] done in 1325ms @ http://localhost:3000/_next/static/chunks/node_modules_next_dist_1e8vcs8._.js:776
[   75602ms] [LOG] [Fast Refresh] done in 1325ms @ http://localhost:3000/_next/static/chunks/node_modules_next_dist_1e8vcs8._.js:776
[   75665ms] [LOG] [Fast Refresh] done in 1325ms @ http://localhost:3000/_next/static/chunks/node_modules_next_dist_1e8vcs8._.js:776
[   75726ms] [LOG] [Fast Refresh] done in 1325ms @ http://localhost:3000/_next/static/chunks/node_modules_next_dist_1e8vcs8._.js:776
[   75789ms] [LOG] [Fast Refresh] done in 1325ms @ http://localhost:3000/_next/static/chunks/node_modules_next_dist_1e8vcs8._.js:776
[   75852ms] [LOG] [Fast Refresh] done in 1325ms @ http://localhost:3000/_next/static/chunks/node_modules_next_dist_1e8vcs8._.js:776
[   75917ms] [LOG] [Fast Refresh] done in 1325ms @ http://localhost:3000/_next/static/chunks/node_modules_next_dist_1e8vcs8._.js:776
[   75975ms] [LOG] [Fast Refresh] done in 1325ms @ http://localhost:3000/_next/static/chunks/node_modules_next_dist_1e8vcs8._.js:776
[   76039ms] [LOG] [Fast Refresh] done in 1325ms @ http://localhost:3000/_next/static/chunks/node_modules_next_dist_1e8vcs8._.js:776
[   76100ms] [LOG] [Fast Refresh] done in 1325ms @ http://localhost:3000/_next/static/chunks/node_modules_next_dist_1e8vcs8._.js:776
[   76161ms] [LOG] [Fast Refresh] done in 1325ms @ http://localhost:3000/_next/static/chunks/node_modules_next_dist_1e8vcs8._.js:776
[   76225ms] [LOG] [Fast Refresh] done in 1325ms @ http://localhost:3000/_next/static/chunks/node_modules_next_dist_1e8vcs8._.js:776
[   76286ms] [LOG] [Fast Refresh] done in 1325ms @ http://localhost:3000/_next/static/chunks/node_modules_next_dist_1e8vcs8._.js:776
[   76347ms] [LOG] [Fast Refresh] done in 1325ms @ http://localhost:3000/_next/static/chunks/node_modules_next_dist_1e8vcs8._.js:776
[   76427ms] [LOG] [Fast Refresh] done in 1325ms @ http://localhost:3000/_next/static/chunks/node_modules_next_dist_1e8vcs8._.js:776
[   76486ms] [LOG] [Fast Refresh] done in 1325ms @ http://localhost:3000/_next/static/chunks/node_modules_next_dist_1e8vcs8._.js:776
[   76551ms] [LOG] [Fast Refresh] done in 1325ms @ http://localhost:3000/_next/static/chunks/node_modules_next_dist_1e8vcs8._.js:776
[   76611ms] [LOG] [Fast Refresh] done in 1325ms @ http://localhost:3000/_next/static/chunks/node_modules_next_dist_1e8vcs8._.js:776
[   76673ms] [LOG] [Fast Refresh] done in 1325ms @ http://localhost:3000/_next/static/chunks/node_modules_next_dist_1e8vcs8._.js:776
[   76736ms] [LOG] [Fast Refresh] done in 1325ms @ http://localhost:3000/_next/static/chunks/node_modules_next_dist_1e8vcs8._.js:776
[   76799ms] [LOG] [Fast Refresh] done in 1325ms @ http://localhost:3000/_next/static/chunks/node_modules_next_dist_1e8vcs8._.js:776
[   76861ms] [LOG] [Fast Refresh] done in 1325ms @ http://localhost:3000/_next/static/chunks/node_modules_next_dist_1e8vcs8._.js:776
[   76926ms] [LOG] [Fast Refresh] done in 1325ms @ http://localhost:3000/_next/static/chunks/node_modules_next_dist_1e8vcs8._.js:776
[   76988ms] [LOG] [Fast Refresh] done in 1325ms @ http://localhost:3000/_next/static/chunks/node_modules_next_dist_1e8vcs8._.js:776
[   77052ms] [LOG] [Fast Refresh] done in 1325ms @ http://localhost:3000/_next/static/chunks/node_modules_next_dist_1e8vcs8._.js:776
[   77115ms] [LOG] [Fast Refresh] done in 1325ms @ http://localhost:3000/_next/static/chunks/node_modules_next_dist_1e8vcs8._.js:776
[   77178ms] [LOG] [Fast Refresh] done in 1325ms @ http://localhost:3000/_next/static/chunks/node_modules_next_dist_1e8vcs8._.js:776
[   77241ms] [LOG] [Fast Refresh] done in 1325ms @ http://localhost:3000/_next/static/chunks/node_modules_next_dist_1e8vcs8._.js:776
[   77288ms] [LOG] [Fast Refresh] done in 1325ms @ http://localhost:3000/_next/static/chunks/node_modules_next_dist_1e8vcs8._.js:776
[   77351ms] [LOG] [Fast Refresh] done in 1325ms @ http://localhost:3000/_next/static/chunks/node_modules_next_dist_1e8vcs8._.js:776
[   77413ms] [LOG] [Fast Refresh] done in 1325ms @ http://localhost:3000/_next/static/chunks/node_modules_next_dist_1e8vcs8._.js:776
[   77474ms] [LOG] [Fast Refresh] done in 1325ms @ http://localhost:3000/_next/static/chunks/node_modules_next_dist_1e8vcs8._.js:776
[   77537ms] [LOG] [Fast Refresh] done in 1325ms @ http://localhost:3000/_next/static/chunks/node_modules_next_dist_1e8vcs8._.js:776
[   77611ms] [LOG] [Fast Refresh] done in 1325ms @ http://localhost:3000/_next/static/chunks/node_modules_next_dist_1e8vcs8._.js:776
[   77733ms] [LOG] [Fast Refresh] done in 1325ms @ http://localhost:3000/_next/static/chunks/node_modules_next_dist_1e8vcs8._.js:776
[   77802ms] [LOG] [Fast Refresh] done in 1325ms @ http://localhost:3000/_next/static/chunks/node_modules_next_dist_1e8vcs8._.js:776
[   77861ms] [LOG] [Fast Refresh] done in 1325ms @ http://localhost:3000/_next/static/chunks/node_modules_next_dist_1e8vcs8._.js:776
[   77921ms] [LOG] [Fast Refresh] done in 1325ms @ http://localhost:3000/_next/static/chunks/node_modules_next_dist_1e8vcs8._.js:776
[   77984ms] [LOG] [Fast Refresh] done in 1325ms @ http://localhost:3000/_next/static/chunks/node_modules_next_dist_1e8vcs8._.js:776
[   78046ms] [LOG] [Fast Refresh] done in 1325ms @ http://localhost:3000/_next/static/chunks/node_modules_next_dist_1e8vcs8._.js:776
[   78109ms] [LOG] [Fast Refresh] done in 1325ms @ http://localhost:3000/_next/static/chunks/node_modules_next_dist_1e8vcs8._.js:776
[   78170ms] [LOG] [Fast Refresh] done in 1325ms @ http://localhost:3000/_next/static/chunks/node_modules_next_dist_1e8vcs8._.js:776
[   78232ms] [LOG] [Fast Refresh] done in 1325ms @ http://localhost:3000/_next/static/chunks/node_modules_next_dist_1e8vcs8._.js:776
[   78295ms] [LOG] [Fast Refresh] done in 1325ms @ http://localhost:3000/_next/static/chunks/node_modules_next_dist_1e8vcs8._.js:776
[   78356ms] [LOG] [Fast Refresh] done in 1325ms @ http://localhost:3000/_next/static/chunks/node_modules_next_dist_1e8vcs8._.js:776
[   78420ms] [LOG] [Fast Refresh] done in 1325ms @ http://localhost:3000/_next/static/chunks/node_modules_next_dist_1e8vcs8._.js:776
[   78483ms] [LOG] [Fast Refresh] done in 1325ms @ http://localhost:3000/_next/static/chunks/node_modules_next_dist_1e8vcs8._.js:776
[   78547ms] [LOG] [Fast Refresh] done in 1325ms @ http://localhost:3000/_next/static/chunks/node_modules_next_dist_1e8vcs8._.js:776
[   78609ms] [LOG] [Fast Refresh] done in 1325ms @ http://localhost:3000/_next/static/chunks/node_modules_next_dist_1e8vcs8._.js:776
[   78669ms] [LOG] [Fast Refresh] done in 1325ms @ http://localhost:3000/_next/static/chunks/node_modules_next_dist_1e8vcs8._.js:776
[   78732ms] [LOG] [Fast Refresh] done in 1325ms @ http://localhost:3000/_next/static/chunks/node_modules_next_dist_1e8vcs8._.js:776
[   78796ms] [LOG] [Fast Refresh] done in 1325ms @ http://localhost:3000/_next/static/chunks/node_modules_next_dist_1e8vcs8._.js:776
[   78856ms] [LOG] [Fast Refresh] done in 1325ms @ http://localhost:3000/_next/static/chunks/node_modules_next_dist_1e8vcs8._.js:776
[   78917ms] [LOG] [Fast Refresh] done in 1325ms @ http://localhost:3000/_next/static/chunks/node_modules_next_dist_1e8vcs8._.js:776
[   78979ms] [LOG] [Fast Refresh] done in 1325ms @ http://localhost:3000/_next/static/chunks/node_modules_next_dist_1e8vcs8._.js:776
[   79044ms] [LOG] [Fast Refresh] done in 1325ms @ http://localhost:3000/_next/static/chunks/node_modules_next_dist_1e8vcs8._.js:776
[   79104ms] [LOG] [Fast Refresh] done in 1325ms @ http://localhost:3000/_next/static/chunks/node_modules_next_dist_1e8vcs8._.js:776
[   79166ms] [LOG] [Fast Refresh] done in 1325ms @ http://localhost:3000/_next/static/chunks/node_modules_next_dist_1e8vcs8._.js:776
[   79229ms] [LOG] [Fast Refresh] done in 1325ms @ http://localhost:3000/_next/static/chunks/node_modules_next_dist_1e8vcs8._.js:776
[   79292ms] [LOG] [Fast Refresh] done in 1325ms @ http://localhost:3000/_next/static/chunks/node_modules_next_dist_1e8vcs8._.js:776
[   79355ms] [LOG] [Fast Refresh] done in 1325ms @ http://localhost:3000/_next/static/chunks/node_modules_next_dist_1e8vcs8._.js:776
[   79420ms] [LOG] [Fast Refresh] done in 1325ms @ http://localhost:3000/_next/static/chunks/node_modules_next_dist_1e8vcs8._.js:776
[   79482ms] [LOG] [Fast Refresh] done in 1325ms @ http://localhost:3000/_next/static/chunks/node_modules_next_dist_1e8vcs8._.js:776
[   79540ms] [LOG] [Fast Refresh] done in 1325ms @ http://localhost:3000/_next/static/chunks/node_modules_next_dist_1e8vcs8._.js:776
[   79603ms] [LOG] [Fast Refresh] done in 1325ms @ http://localhost:3000/_next/static/chunks/node_modules_next_dist_1e8vcs8._.js:776
[   79665ms] [LOG] [Fast Refresh] done in 1325ms @ http://localhost:3000/_next/static/chunks/node_modules_next_dist_1e8vcs8._.js:776
[   79728ms] [LOG] [Fast Refresh] done in 1325ms @ http://localhost:3000/_next/static/chunks/node_modules_next_dist_1e8vcs8._.js:776
[   79791ms] [LOG] [Fast Refresh] done in 1325ms @ http://localhost:3000/_next/static/chunks/node_modules_next_dist_1e8vcs8._.js:776
[   79854ms] [LOG] [Fast Refresh] done in 1325ms @ http://localhost:3000/_next/static/chunks/node_modules_next_dist_1e8vcs8._.js:776
[   79916ms] [LOG] [Fast Refresh] done in 1325ms @ http://localhost:3000/_next/static/chunks/node_modules_next_dist_1e8vcs8._.js:776
[   79977ms] [LOG] [Fast Refresh] done in 1325ms @ http://localhost:3000/_next/static/chunks/node_modules_next_dist_1e8vcs8._.js:776
[   80045ms] [LOG] [Fast Refresh] done in 1325ms @ http://localhost:3000/_next/static/chunks/node_modules_next_dist_1e8vcs8._.js:776
[   80105ms] [LOG] [Fast Refresh] done in 1325ms @ http://localhost:3000/_next/static/chunks/node_modules_next_dist_1e8vcs8._.js:776
[   80165ms] [LOG] [Fast Refresh] done in 1325ms @ http://localhost:3000/_next/static/chunks/node_modules_next_dist_1e8vcs8._.js:776
[   80228ms] [LOG] [Fast Refresh] done in 1325ms @ http://localhost:3000/_next/static/chunks/node_modules_next_dist_1e8vcs8._.js:776
[   80291ms] [LOG] [Fast Refresh] done in 1325ms @ http://localhost:3000/_next/static/chunks/node_modules_next_dist_1e8vcs8._.js:776
[   80352ms] [LOG] [Fast Refresh] done in 1325ms @ http://localhost:3000/_next/static/chunks/node_modules_next_dist_1e8vcs8._.js:776
[   80415ms] [LOG] [Fast Refresh] done in 1325ms @ http://localhost:3000/_next/static/chunks/node_modules_next_dist_1e8vcs8._.js:776
[   80478ms] [LOG] [Fast Refresh] done in 1325ms @ http://localhost:3000/_next/static/chunks/node_modules_next_dist_1e8vcs8._.js:776
[   80542ms] [LOG] [Fast Refresh] done in 1325ms @ http://localhost:3000/_next/static/chunks/node_modules_next_dist_1e8vcs8._.js:776
[   80603ms] [LOG] [Fast Refresh] done in 1325ms @ http://localhost:3000/_next/static/chunks/node_modules_next_dist_1e8vcs8._.js:776
[   80666ms] [LOG] [Fast Refresh] done in 1325ms @ http://localhost:3000/_next/static/chunks/node_modules_next_dist_1e8vcs8._.js:776
[   80727ms] [LOG] [Fast Refresh] done in 1325ms @ http://localhost:3000/_next/static/chunks/node_modules_next_dist_1e8vcs8._.js:776
[   80791ms] [LOG] [Fast Refresh] done in 1325ms @ http://localhost:3000/_next/static/chunks/node_modules_next_dist_1e8vcs8._.js:776
[   80851ms] [LOG] [Fast Refresh] done in 1325ms @ http://localhost:3000/_next/static/chunks/node_modules_next_dist_1e8vcs8._.js:776
[   80911ms] [LOG] [Fast Refresh] done in 1325ms @ http://localhost:3000/_next/static/chunks/node_modules_next_dist_1e8vcs8._.js:776
[   80975ms] [LOG] [Fast Refresh] done in 1325ms @ http://localhost:3000/_next/static/chunks/node_modules_next_dist_1e8vcs8._.js:776
[   81039ms] [LOG] [Fast Refresh] done in 1325ms @ http://localhost:3000/_next/static/chunks/node_modules_next_dist_1e8vcs8._.js:776
[   81103ms] [LOG] [Fast Refresh] done in 1325ms @ http://localhost:3000/_next/static/chunks/node_modules_next_dist_1e8vcs8._.js:776
[   81164ms] [LOG] [Fast Refresh] done in 1325ms @ http://localhost:3000/_next/static/chunks/node_modules_next_dist_1e8vcs8._.js:776
[   81226ms] [LOG] [Fast Refresh] done in 1325ms @ http://localhost:3000/_next/static/chunks/node_modules_next_dist_1e8vcs8._.js:776
[   81287ms] [LOG] [Fast Refresh] done in 1325ms @ http://localhost:3000/_next/static/chunks/node_modules_next_dist_1e8vcs8._.js:776
[   81350ms] [LOG] [Fast Refresh] done in 1325ms @ http://localhost:3000/_next/static/chunks/node_modules_next_dist_1e8vcs8._.js:776
[   81413ms] [LOG] [Fast Refresh] done in 1325ms @ http://localhost:3000/_next/static/chunks/node_modules_next_dist_1e8vcs8._.js:776
[   81477ms] [LOG] [Fast Refresh] done in 1325ms @ http://localhost:3000/_next/static/chunks/node_modules_next_dist_1e8vcs8._.js:776
[   81540ms] [LOG] [Fast Refresh] done in 1325ms @ http://localhost:3000/_next/static/chunks/node_modules_next_dist_1e8vcs8._.js:776
[   81603ms] [LOG] [Fast Refresh] done in 1325ms @ http://localhost:3000/_next/static/chunks/node_modules_next_dist_1e8vcs8._.js:776
[   81665ms] [LOG] [Fast Refresh] done in 1325ms @ http://localhost:3000/_next/static/chunks/node_modules_next_dist_1e8vcs8._.js:776
[   81725ms] [LOG] [Fast Refresh] done in 1325ms @ http://localhost:3000/_next/static/chunks/node_modules_next_dist_1e8vcs8._.js:776
[   81790ms] [LOG] [Fast Refresh] done in 1325ms @ http://localhost:3000/_next/static/chunks/node_modules_next_dist_1e8vcs8._.js:776
[   81851ms] [LOG] [Fast Refresh] done in 1325ms @ http://localhost:3000/_next/static/chunks/node_modules_next_dist_1e8vcs8._.js:776
[   81914ms] [LOG] [Fast Refresh] done in 1325ms @ http://localhost:3000/_next/static/chunks/node_modules_next_dist_1e8vcs8._.js:776
[   81979ms] [LOG] [Fast Refresh] done in 1325ms @ http://localhost:3000/_next/static/chunks/node_modules_next_dist_1e8vcs8._.js:776
[   82039ms] [LOG] [Fast Refresh] done in 1325ms @ http://localhost:3000/_next/static/chunks/node_modules_next_dist_1e8vcs8._.js:776
[   82102ms] [LOG] [Fast Refresh] done in 1325ms @ http://localhost:3000/_next/static/chunks/node_modules_next_dist_1e8vcs8._.js:776
[   82165ms] [LOG] [Fast Refresh] done in 1325ms @ http://localhost:3000/_next/static/chunks/node_modules_next_dist_1e8vcs8._.js:776
[   82226ms] [LOG] [Fast Refresh] done in 1325ms @ http://localhost:3000/_next/static/chunks/node_modules_next_dist_1e8vcs8._.js:776
[   82291ms] [LOG] [Fast Refresh] done in 1325ms @ http://localhost:3000/_next/static/chunks/node_modules_next_dist_1e8vcs8._.js:776
[   82352ms] [LOG] [Fast Refresh] done in 1325ms @ http://localhost:3000/_next/static/chunks/node_modules_next_dist_1e8vcs8._.js:776
[   82414ms] [LOG] [Fast Refresh] done in 1325ms @ http://localhost:3000/_next/static/chunks/node_modules_next_dist_1e8vcs8._.js:776
[   82482ms] [LOG] [Fast Refresh] done in 1325ms @ http://localhost:3000/_next/static/chunks/node_modules_next_dist_1e8vcs8._.js:776
[   82551ms] [LOG] [Fast Refresh] done in 1325ms @ http://localhost:3000/_next/static/chunks/node_modules_next_dist_1e8vcs8._.js:776
[   82614ms] [LOG] [Fast Refresh] done in 1325ms @ http://localhost:3000/_next/static/chunks/node_modules_next_dist_1e8vcs8._.js:776
[   82676ms] [LOG] [Fast Refresh] done in 1325ms @ http://localhost:3000/_next/static/chunks/node_modules_next_dist_1e8vcs8._.js:776
[   82738ms] [LOG] [Fast Refresh] done in 1325ms @ http://localhost:3000/_next/static/chunks/node_modules_next_dist_1e8vcs8._.js:776
[   82797ms] [LOG] [Fast Refresh] done in 1325ms @ http://localhost:3000/_next/static/chunks/node_modules_next_dist_1e8vcs8._.js:776
[   82861ms] [LOG] [Fast Refresh] done in 1325ms @ http://localhost:3000/_next/static/chunks/node_modules_next_dist_1e8vcs8._.js:776
[   82922ms] [LOG] [Fast Refresh] done in 1325ms @ http://localhost:3000/_next/static/chunks/node_modules_next_dist_1e8vcs8._.js:776
[   82985ms] [LOG] [Fast Refresh] done in 1325ms @ http://localhost:3000/_next/static/chunks/node_modules_next_dist_1e8vcs8._.js:776
[   83046ms] [LOG] [Fast Refresh] done in 1325ms @ http://localhost:3000/_next/static/chunks/node_modules_next_dist_1e8vcs8._.js:776
[   83109ms] [LOG] [Fast Refresh] done in 1325ms @ http://localhost:3000/_next/static/chunks/node_modules_next_dist_1e8vcs8._.js:776
[   83174ms] [LOG] [Fast Refresh] done in 1325ms @ http://localhost:3000/_next/static/chunks/node_modules_next_dist_1e8vcs8._.js:776
[   83234ms] [LOG] [Fast Refresh] done in 1325ms @ http://localhost:3000/_next/static/chunks/node_modules_next_dist_1e8vcs8._.js:776
[   83297ms] [LOG] [Fast Refresh] done in 1325ms @ http://localhost:3000/_next/static/chunks/node_modules_next_dist_1e8vcs8._.js:776
[   83359ms] [LOG] [Fast Refresh] done in 1325ms @ http://localhost:3000/_next/static/chunks/node_modules_next_dist_1e8vcs8._.js:776
[   83420ms] [LOG] [Fast Refresh] done in 1325ms @ http://localhost:3000/_next/static/chunks/node_modules_next_dist_1e8vcs8._.js:776
[   83485ms] [LOG] [Fast Refresh] done in 1325ms @ http://localhost:3000/_next/static/chunks/node_modules_next_dist_1e8vcs8._.js:776
[   83544ms] [LOG] [Fast Refresh] done in 1325ms @ http://localhost:3000/_next/static/chunks/node_modules_next_dist_1e8vcs8._.js:776
[   83603ms] [LOG] [Fast Refresh] done in 1325ms @ http://localhost:3000/_next/static/chunks/node_modules_next_dist_1e8vcs8._.js:776
[   83667ms] [LOG] [Fast Refresh] done in 1325ms @ http://localhost:3000/_next/static/chunks/node_modules_next_dist_1e8vcs8._.js:776
[   83731ms] [LOG] [Fast Refresh] done in 1325ms @ http://localhost:3000/_next/static/chunks/node_modules_next_dist_1e8vcs8._.js:776
[   83791ms] [LOG] [Fast Refresh] done in 1325ms @ http://localhost:3000/_next/static/chunks/node_modules_next_dist_1e8vcs8._.js:776
[   83853ms] [LOG] [Fast Refresh] done in 1325ms @ http://localhost:3000/_next/static/chunks/node_modules_next_dist_1e8vcs8._.js:776
[   83915ms] [LOG] [Fast Refresh] done in 1325ms @ http://localhost:3000/_next/static/chunks/node_modules_next_dist_1e8vcs8._.js:776
[   83978ms] [LOG] [Fast Refresh] done in 1325ms @ http://localhost:3000/_next/static/chunks/node_modules_next_dist_1e8vcs8._.js:776
[   84040ms] [LOG] [Fast Refresh] done in 1325ms @ http://localhost:3000/_next/static/chunks/node_modules_next_dist_1e8vcs8._.js:776
[   84103ms] [LOG] [Fast Refresh] done in 1325ms @ http://localhost:3000/_next/static/chunks/node_modules_next_dist_1e8vcs8._.js:776
[   84163ms] [LOG] [Fast Refresh] done in 1325ms @ http://localhost:3000/_next/static/chunks/node_modules_next_dist_1e8vcs8._.js:776
[   84223ms] [LOG] [Fast Refresh] done in 1325ms @ http://localhost:3000/_next/static/chunks/node_modules_next_dist_1e8vcs8._.js:776
[   84288ms] [LOG] [Fast Refresh] done in 1325ms @ http://localhost:3000/_next/static/chunks/node_modules_next_dist_1e8vcs8._.js:776
[   84351ms] [LOG] [Fast Refresh] done in 1325ms @ http://localhost:3000/_next/static/chunks/node_modules_next_dist_1e8vcs8._.js:776
[   84413ms] [LOG] [Fast Refresh] done in 1325ms @ http://localhost:3000/_next/static/chunks/node_modules_next_dist_1e8vcs8._.js:776
[   84478ms] [LOG] [Fast Refresh] done in 1325ms @ http://localhost:3000/_next/static/chunks/node_modules_next_dist_1e8vcs8._.js:776
[   84538ms] [LOG] [Fast Refresh] done in 1325ms @ http://localhost:3000/_next/static/chunks/node_modules_next_dist_1e8vcs8._.js:776
[   84602ms] [LOG] [Fast Refresh] done in 1325ms @ http://localhost:3000/_next/static/chunks/node_modules_next_dist_1e8vcs8._.js:776
[   84660ms] [LOG] [Fast Refresh] done in 1325ms @ http://localhost:3000/_next/static/chunks/node_modules_next_dist_1e8vcs8._.js:776
[   84721ms] [LOG] [Fast Refresh] done in 1325ms @ http://localhost:3000/_next/static/chunks/node_modules_next_dist_1e8vcs8._.js:776
[   84783ms] [LOG] [Fast Refresh] done in 1325ms @ http://localhost:3000/_next/static/chunks/node_modules_next_dist_1e8vcs8._.js:776
[   84845ms] [LOG] [Fast Refresh] done in 1325ms @ http://localhost:3000/_next/static/chunks/node_modules_next_dist_1e8vcs8._.js:776
[   84909ms] [LOG] [Fast Refresh] done in 1325ms @ http://localhost:3000/_next/static/chunks/node_modules_next_dist_1e8vcs8._.js:776
[   84983ms] [LOG] [Fast Refresh] done in 1325ms @ http://localhost:3000/_next/static/chunks/node_modules_next_dist_1e8vcs8._.js:776
[   85041ms] [LOG] [Fast Refresh] done in 1325ms @ http://localhost:3000/_next/static/chunks/node_modules_next_dist_1e8vcs8._.js:776
[   85118ms] [LOG] [Fast Refresh] done in 1325ms @ http://localhost:3000/_next/static/chunks/node_modules_next_dist_1e8vcs8._.js:776
[   85185ms] [LOG] [Fast Refresh] done in 1325ms @ http://localhost:3000/_next/static/chunks/node_modules_next_dist_1e8vcs8._.js:776
[   85248ms] [LOG] [Fast Refresh] done in 1325ms @ http://localhost:3000/_next/static/chunks/node_modules_next_dist_1e8vcs8._.js:776
[   85311ms] [LOG] [Fast Refresh] done in 1325ms @ http://localhost:3000/_next/static/chunks/node_modules_next_dist_1e8vcs8._.js:776
[   85372ms] [LOG] [Fast Refresh] done in 1325ms @ http://localhost:3000/_next/static/chunks/node_modules_next_dist_1e8vcs8._.js:776
[   85434ms] [LOG] [Fast Refresh] done in 1325ms @ http://localhost:3000/_next/static/chunks/node_modules_next_dist_1e8vcs8._.js:776
[   85497ms] [LOG] [Fast Refresh] done in 1325ms @ http://localhost:3000/_next/static/chunks/node_modules_next_dist_1e8vcs8._.js:776
[   85558ms] [LOG] [Fast Refresh] done in 1325ms @ http://localhost:3000/_next/static/chunks/node_modules_next_dist_1e8vcs8._.js:776
[   85609ms] [LOG] [Fast Refresh] done in 1325ms @ http://localhost:3000/_next/static/chunks/node_modules_next_dist_1e8vcs8._.js:776
[   85668ms] [LOG] [Fast Refresh] done in 1325ms @ http://localhost:3000/_next/static/chunks/node_modules_next_dist_1e8vcs8._.js:776
[   85732ms] [LOG] [Fast Refresh] done in 1325ms @ http://localhost:3000/_next/static/chunks/node_modules_next_dist_1e8vcs8._.js:776
[   85792ms] [LOG] [Fast Refresh] done in 1325ms @ http://localhost:3000/_next/static/chunks/node_modules_next_dist_1e8vcs8._.js:776
[   85857ms] [LOG] [Fast Refresh] done in 1325ms @ http://localhost:3000/_next/static/chunks/node_modules_next_dist_1e8vcs8._.js:776
[   85917ms] [LOG] [Fast Refresh] done in 1325ms @ http://localhost:3000/_next/static/chunks/node_modules_next_dist_1e8vcs8._.js:776
[   85979ms] [LOG] [Fast Refresh] done in 1325ms @ http://localhost:3000/_next/static/chunks/node_modules_next_dist_1e8vcs8._.js:776
[   86042ms] [LOG] [Fast Refresh] done in 1325ms @ http://localhost:3000/_next/static/chunks/node_modules_next_dist_1e8vcs8._.js:776
[   86105ms] [LOG] [Fast Refresh] done in 1325ms @ http://localhost:3000/_next/static/chunks/node_modules_next_dist_1e8vcs8._.js:776
[   86167ms] [LOG] [Fast Refresh] done in 1325ms @ http://localhost:3000/_next/static/chunks/node_modules_next_dist_1e8vcs8._.js:776
[   86228ms] [LOG] [Fast Refresh] done in 1325ms @ http://localhost:3000/_next/static/chunks/node_modules_next_dist_1e8vcs8._.js:776
[   86290ms] [LOG] [Fast Refresh] done in 1325ms @ http://localhost:3000/_next/static/chunks/node_modules_next_dist_1e8vcs8._.js:776
[   86352ms] [LOG] [Fast Refresh] done in 1325ms @ http://localhost:3000/_next/static/chunks/node_modules_next_dist_1e8vcs8._.js:776
[   86416ms] [LOG] [Fast Refresh] done in 1325ms @ http://localhost:3000/_next/static/chunks/node_modules_next_dist_1e8vcs8._.js:776
[   86478ms] [LOG] [Fast Refresh] done in 1325ms @ http://localhost:3000/_next/static/chunks/node_modules_next_dist_1e8vcs8._.js:776
[   86539ms] [LOG] [Fast Refresh] done in 1325ms @ http://localhost:3000/_next/static/chunks/node_modules_next_dist_1e8vcs8._.js:776
[   86602ms] [LOG] [Fast Refresh] done in 1325ms @ http://localhost:3000/_next/static/chunks/node_modules_next_dist_1e8vcs8._.js:776
[   86663ms] [LOG] [Fast Refresh] done in 1325ms @ http://localhost:3000/_next/static/chunks/node_modules_next_dist_1e8vcs8._.js:776
[   86726ms] [LOG] [Fast Refresh] done in 1325ms @ http://localhost:3000/_next/static/chunks/node_modules_next_dist_1e8vcs8._.js:776
[   86803ms] [LOG] [Fast Refresh] done in 1325ms @ http://localhost:3000/_next/static/chunks/node_modules_next_dist_1e8vcs8._.js:776
[   86863ms] [LOG] [Fast Refresh] done in 1325ms @ http://localhost:3000/_next/static/chunks/node_modules_next_dist_1e8vcs8._.js:776
[   86941ms] [LOG] [Fast Refresh] done in 1325ms @ http://localhost:3000/_next/static/chunks/node_modules_next_dist_1e8vcs8._.js:776
[   87020ms] [LOG] [Fast Refresh] done in 1325ms @ http://localhost:3000/_next/static/chunks/node_modules_next_dist_1e8vcs8._.js:776
[   87104ms] [LOG] [Fast Refresh] done in 1325ms @ http://localhost:3000/_next/static/chunks/node_modules_next_dist_1e8vcs8._.js:776
[   87271ms] [LOG] [Fast Refresh] done in 1325ms @ http://localhost:3000/_next/static/chunks/node_modules_next_dist_1e8vcs8._.js:776
[   87332ms] [LOG] [Fast Refresh] done in 1325ms @ http://localhost:3000/_next/static/chunks/node_modules_next_dist_1e8vcs8._.js:776
[   87394ms] [LOG] [Fast Refresh] done in 1325ms @ http://localhost:3000/_next/static/chunks/node_modules_next_dist_1e8vcs8._.js:776
[   87495ms] [LOG] [Fast Refresh] done in 1325ms @ http://localhost:3000/_next/static/chunks/node_modules_next_dist_1e8vcs8._.js:776
[   87566ms] [LOG] [Fast Refresh] done in 1325ms @ http://localhost:3000/_next/static/chunks/node_modules_next_dist_1e8vcs8._.js:776
[   87630ms] [LOG] [Fast Refresh] done in 1325ms @ http://localhost:3000/_next/static/chunks/node_modules_next_dist_1e8vcs8._.js:776
[  111633ms] [INFO] %cDownload the React DevTools for a better development experience: https://react.dev/link/react-devtools font-weight:bold @ http://localhost:3000/_next/static/chunks/node_modules_next_dist_1e8vcs8._.js:776
[  111665ms] [LOG] [HMR] connected @ http://localhost:3000/_next/static/chunks/node_modules_next_dist_1e8vcs8._.js:776
[  112020ms] [LOG] [Fast Refresh] rebuilding @ http://localhost:3000/_next/static/chunks/node_modules_next_dist_1e8vcs8._.js:776
[  112038ms] [WARNING] THREE.Clock: This module has been deprecated. Please use THREE.Timer instead. @ http://localhost:3000/_next/static/chunks/node_modules_next_dist_1e8vcs8._.js:776
[  112102ms] [LOG] [Fast Refresh] done in 183ms @ http://localhost:3000/_next/static/chunks/node_modules_next_dist_1e8vcs8._.js:776
[  112341ms] [WARNING] THREE.Clock: This module has been deprecated. Please use THREE.Timer instead. @ http://localhost:3000/_next/static/chunks/node_modules_next_dist_1e8vcs8._.js:776
[  130516ms] [LOG] THREE.WebGLRenderer: Context Lost. @ http://localhost:3000/_next/static/chunks/node_modules_next_dist_1e8vcs8._.js:776
[  130833ms] [INFO] %cDownload the React DevTools for a better development experience: https://react.dev/link/react-devtools font-weight:bold @ http://localhost:3000/_next/static/chunks/node_modules_next_dist_1e8vcs8._.js:776
[  130854ms] [LOG] [HMR] connected @ http://localhost:3000/_next/static/chunks/node_modules_next_dist_1e8vcs8._.js:776
[  131115ms] [WARNING] THREE.Clock: This module has been deprecated. Please use THREE.Timer instead. @ http://localhost:3000/_next/static/chunks/node_modules_next_dist_1e8vcs8._.js:776
